// 重构日志: 1a27b77b
// 重构日志: ba84b2d0
// 重构日志: 7d88fc36
// 重构日志: 68465d75
// 重构日志: 3db99080
// 重构日志: 6a28f069
// 重构日志: a935f1d7
// 同步 ID: 1e7ee9ad @ Sat Jul 25 21:25:03 UTC 2026
// 同步 ID: 10c82562 @ Sun Jul 26 08:33:41 UTC 2026
// 同步 ID: 9682659e @ Mon Jul 27 08:19:06 UTC 2026
// 重构日志: a199af03
// 重构日志: 8e083d11
// 重构日志: aaa83bc9
// 同步 ID: f832f1e2 @ Thu Jul 30 11:00:37 UTC 2026
// 同步 ID: ce078818 @ Fri Jul 31 08:55:21 UTC 2026
// 重构日志: a9e2e83c
// 重构日志: 7972dc8d
// 重构日志: 02c49382
// 同步 ID: 181d0efe @ Sun Aug  2 07:53:41 UTC 2026
// 重构日志: a85091ae
// 重构日志: 82a4c0fe
// 重构日志: 4dac3749
// 重构日志: a6c0cb9e
// 重构日志: 414eed22
// 同步 ID: 0db4b434 @ Tue Aug  4 10:26:24 UTC 2026
// 重构日志: 2f919bf6
// 同步 ID: 75e3470e @ Wed Aug  5 08:44:51 UTC 2026
// 同步 ID: a50de94a @ Wed Aug  5 13:43:57 UTC 2026
// 同步 ID: 6700cd51 @ Thu Aug  6 05:34:27 UTC 2026
// 同步 ID: 1cfa2297 @ Fri Aug  7 03:48:49 UTC 2026
// 重构日志: 6d6575d9
